// Jest Snapshot v1, https://goo.gl/fbAQLP

exports[`PageLink render correctly 1`] = `
<a
  className="some-class"
  href="/"
  onClick={[Function]}
>
  some description
</a>
`;
