// Jest Snapshot v1, https://goo.gl/fbAQLP

exports[`Calculator render correctly 1`] = `
<section
  className="map"
  id="map"
>
  <h2
    className="map__header"
  >
    Отделения Лига Банка
  </h2>
  <iframe
    className="map__iframe"
    src="https://yandex.ru/map-widget/v1/?um=constructor%3A903677e276cd647a44c0897e60edad9ae34a0ebe73fde4d37f4ca90b4001c09f&source=constructor"
    title="map"
  />
</section>
`;
