// Jest Snapshot v1, https://goo.gl/fbAQLP

exports[`ConversionHistory render correctly 1`] = `
<button
  className="converter__calendar"
  onClick={[Function]}
  type="button"
>
  2022-01-29
</button>
`;
