// Jest Snapshot v1, https://goo.gl/fbAQLP

exports[`withConverter is rendered correctly 1`] = `<div />`;
