// Jest Snapshot v1, https://goo.gl/fbAQLP

exports[`withCalculator is rendered correctly 1`] = `<div />`;
