// Jest Snapshot v1, https://goo.gl/fbAQLP

exports[`withHeader is rendered correctly 1`] = `<div />`;
